Housing Prices and Population/pembrokeshire_prices.csv
"Name","URI","Region GSS code","Period","Sales volume","Reporting period","Average price All property types","Average price Detached houses","Average price Semi-detached houses","Average price Terraced houses","Average price Flats and maisonettes","Pivotable date"
Pembrokeshire,http://landregistry.data.gov.uk/id/region/pembrokeshire,W06000009,2000-01,126,monthly,53007,75234,45926,38181,31132,2000-01-01
Pembrokeshire,http://landregistry.data.gov.uk/id/region/pembrokeshire,W06000009,2000-02,125,monthly,54849,77949,47497,39466,32129,2000-02-01
Pembrokeshire,http://landregistry.data.gov.uk/id/region/pembrokeshire,W06000009,2000-03,173,monthly,55940,79637,48479,40189,32469,2000-03-01
Pembrokeshire,http://landregistry.data.gov.uk/id/region/pembrokeshire,W06000009,2000-04,171,monthly,56218,79793,48702,40519,32813,2000-04-01
Pembrokeshire,http://landregistry.data.gov.uk/id/region/pembrokeshire,W06000009,2000-05,158,monthly,55615,78866,48214,40096,32557,2000-05-01
Pembrokeshire,http://landregistry.data.gov.uk/id/region/pembrokeshire,W06000009,2000-06,194,monthly,56008,79486,48513,40332,32966,2000-06-01
Pembrokeshire,http://landregistry.data.gov.uk/id/region/pembrokeshire,W06000009,2000-07,185,monthly,56486,80602,48900,40463,32975,2000-07-01
Pembrokeshire,http://landregistry.data.gov.uk/id/region/pembrokeshire,W06000009,2000-08,225,monthly,57402,82153,49693,40977,33473,2000-08-01
Pembrokeshire,http://landregistry.data.gov.uk/id/region/pembrokeshire,W06000009,2000-09,202,monthly,58174,83584,50239,41396,33872,2000-09-01
Pembrokeshire,http://landregistry.data.gov.uk/id/region/pembrokeshire,W06000009,2000-10,187,monthly,60027,86151,51963,42683,35143,2000-10-01
Pembrokeshire,http://landregistry.data.gov.uk/id/region/pembrokeshire,W06000009,2000-11,155,monthly,60092,86411,51946,42652,35253,2000-11-01
Pembrokeshire,http://landregistry.data.gov.uk/id/region/pembrokeshire,W06000009,2000-12,196,monthly,61597,88297,53380,43792,36354,2000-12-01
Pembrokeshire,http://landregistry.data.gov.uk/id/region/pembrokeshire,W06000009,2001-01,123,monthly,60883,87146,52729,43368,35994,2001-01-01
Pembrokeshire,http://landregistry.data.gov.uk/id/region/pembrokeshire,W06000009,2001-02,109,monthly,60975,86945,52917,43575,36069,2001-02-01
Pembrokeshire,http://landregistry.data.gov.uk/id/region/pembrokeshire,W06000009,2001-03,189,monthly,61470,87573,53360,44003,36161,2001-03-01
Pembrokeshire,http://landregistry.data.gov.uk/id/region/pembrokeshire,W06000009,2001-04,171,monthly,63267,90261,54757,45321,37140,2001-04-01
Pembrokeshire,http://landregistry.data.gov.uk/id/region/pembrokeshire,W06000009,2001-05,233,monthly,65328,93254,56437,46849,38239,2001-05-01
Pembrokeshire,http://landregistry.data.gov.uk/id/region/pembrokeshire,W06000009,2001-06,181,monthly,64468,91982,55695,46211,37975,2001-06-01
Pembrokeshire,http://landregistry.data.gov.uk/id/region/pembrokeshire,W06000009,2001-07,217,monthly,65596,93584,56766,46978,38594,2001-07-01
Pembrokeshire,http://landregistry.data.gov.uk/id/region/pembrokeshire,W06000009,2001-08,245,monthly,65023,92875,56277,46488,38320,2001-08-01
Pembrokeshire,http://landregistry.data.gov.uk/id/region/pembrokeshire,W06000009,2001-09,190,monthly,67278,96490,58030,48004,39523,2001-09-01
Pembrokeshire,http://landregistry.data.gov.uk/id/region/pembrokeshire,W06000009,2001-10,231,monthly,66808,95909,57630,47590,39356,2001-10-01
Pembrokeshire,http://landregistry.data.gov.uk/id/region/pembrokeshire,W06000009,2001-11,216,monthly,67516,96855,58310,48074,39895,2001-11-01
Pembrokeshire,http://landregistry.data.gov.uk/id/region/pembrokeshire,W06000009,2001-12,193,monthly,67312,96220,58293,47955,40218,2001-12-01
Pembrokeshire,http://landregistry.data.gov.uk/id/region/pembrokeshire,W06000009,2002-01,150,monthly,67844,96870,58808,48333,40720,2002-01-01
Pembrokeshire,http://landregistry.data.gov.uk/id/region/pembrokeshire,W06000009,2002-02,155,monthly,69260,98673,59987,49468,41732,2002-02-01
Pembrokeshire,http://landregistry.data.gov.uk/id/region/pembrokeshire,W06000009,2002-03,231,monthly,69197,98352,60054,49528,41502,2002-03-01
Pembrokeshire,http://landregistry.data.gov.uk/id/region/pembrokeshire,W06000009,2002-04,190,monthly,69797,98998,60535,50056,42102,2002-04-01
Pembrokeshire,http://landregistry.data.gov.uk/id/region/pembrokeshire,W06000009,2002-05,229,monthly,72320,102459,62811,51879,43664,2002-05-01
Pembrokeshire,http://landregistry.data.gov.uk/id/region/pembrokeshire,W06000009,2002-06,211,monthly,75649,107106,65640,54308,45861,2002-06-01
Pembrokeshire,http://landregistry.data.gov.uk/id/region/pembrokeshire,W06000009,2002-07,252,monthly,78089,110778,67730,55998,47071,2002-07-01
Pembrokeshire,http://landregistry.data.gov.uk/id/region/pembrokeshire,W06000009,2002-08,230,monthly,77925,110713,67501,55830,46973,2002-08-01
Pembrokeshire,http://landregistry.data.gov.uk/id/region/pembrokeshire,W06000009,2002-09,192,monthly,78954,112654,68357,56354,47315,2002-09-01
Pembrokeshire,http://landregistry.data.gov.uk/id/region/pembrokeshire,W06000009,2002-10,223,monthly,82823,118057,71867,59062,49802,2002-10-01
Pembrokeshire,http://landregistry.data.gov.uk/id/region/pembrokeshire,W06000009,2002-11,217,monthly,87292,124677,75670,62128,52585,2002-11-01
Pembrokeshire,http://landregistry.data.gov.uk/id/region/pembrokeshire,W06000009,2002-12,187,monthly,90052,127983,78271,64256,54756,2002-12-01
Pembrokeshire,http://landregistry.data.gov.uk/id/region/pembrokeshire,W06000009,2003-01,158,monthly,91598,130050,79391,65536,55844,2003-01-01
Pembrokeshire,http://landregistry.data.gov.uk/id/region/pembrokeshire,W06000009,2003-02,129,monthly,92254,130447,80247,66115,56476,2003-02-01
Pembrokeshire,http://landregistry.data.gov.uk/id/region/pembrokeshire,W06000009,2003-03,164,monthly,93429,131988,81251,67029,57265,2003-03-01
Pembrokeshire,http://landregistry.data.gov.uk/id/region/pembrokeshire,W06000009,2003-04,169,monthly,93417,131345,81652,67115,57516,2003-04-01
Pembrokeshire,http://landregistry.data.gov.uk/id/region/pembrokeshire,W06000009,2003-05,186,monthly,94451,132319,82654,68120,58003,2003-05-01
Pembrokeshire,http://landregistry.data.gov.uk/id/region/pembrokeshire,W06000009,2003-06,208,monthly,95782,134272,83634,69148,58728,2003-06-01
Pembrokeshire,http://landregistry.data.gov.uk/id/region/pembrokeshire,W06000009,2003-07,215,monthly,97045,135975,84755,70146,59206,2003-07-01
Pembrokeshire,http://landregistry.data.gov.uk/id/region/pembrokeshire,W06000009,2003-08,218,monthly,100965,141527,88073,72997,61630,2003-08-01
Pembrokeshire,http://landregistry.data.gov.uk/id/region/pembrokeshire,W06000009,2003-09,206,monthly,104329,145939,91167,75578,63387,2003-09-01
Pembrokeshire,http://landregistry.data.gov.uk/id/region/pembrokeshire,W06000009,2003-10,257,monthly,106771,149171,93150,77516,65033,2003-10-01
Pembrokeshire,http://landregistry.data.gov.uk/id/region/pembrokeshire,W06000009,2003-11,233,monthly,107108,149525,93505,77806,65187,2003-11-01
Pembrokeshire,http://landregistry.data.gov.uk/id/region/pembrokeshire,W06000009,2003-12,230,monthly,110313,153294,96291,80475,67691,2003-12-01
Pembrokeshire,http://landregistry.data.gov.uk/id/region/pembrokeshire,W06000009,2004-01,156,monthly,115795,160600,101209,84578,71120,2004-01-01
Pembrokeshire,http://landregistry.data.gov.uk/id/region/pembrokeshire,W06000009,2004-02,170,monthly,118411,163474,103632,86874,72938,2004-02-01
Pembrokeshire,http://landregistry.data.gov.uk/id/region/pembrokeshire,W06000009,2004-03,194,monthly,115481,159179,101125,84879,71113,2004-03-01
Pembrokeshire,http://landregistry.data.gov.uk/id/region/pembrokeshire,W06000009,2004-04,186,monthly,115825,158501,101728,85776,71502,2004-04-01
Pembrokeshire,http://landregistry.data.gov.uk/id/region/pembrokeshire,W06000009,2004-05,169,monthly,120683,164195,106021,89945,75005,2004-05-01
Pembrokeshire,http://landregistry.data.gov.uk/id/region/pembrokeshire,W06000009,2004-06,173,monthly,130109,176409,114604,97210,81018,2004-06-01
Pembrokeshire,http://landregistry.data.gov.uk/id/region/pembrokeshire,W06000009,2004-07,247,monthly,132633,179736,116935,99127,82512,2004-07-01
Pembrokeshire,http://landregistry.data.gov.uk/id/region/pembrokeshire,W06000009,2004-08,157,monthly,137746,186827,121528,102832,85475,2004-08-01
Pembrokeshire,http://landregistry.data.gov.uk/id/region/pembrokeshire,W06000009,2004-09,168,monthly,136832,185878,120552,102110,84632,2004-09-01
Pembrokeshire,http://landregistry.data.gov.uk/id/region/pembrokeshire,W06000009,2004-10,164,monthly,140384,190886,123356,104712,87184,2004-10-01
Pembrokeshire,http://landregistry.data.gov.uk/id/region/pembrokeshire,W06000009,2004-11,158,monthly,142204,193151,124890,106148,88744,2004-11-01
Pembrokeshire,http://landregistry.data.gov.uk/id/region/pembrokeshire,W06000009,2004-12,108,monthly,148131,200161,130160,111171,93056,2004-12-01
Pembrokeshire,http://landregistry.data.gov.uk/id/region/pembrokeshire,W06000009,2005-01,104,monthly,151670,204514,133225,114192,95279,2005-01-01
Pembrokeshire,http://landregistry.data.gov.uk/id/region/pembrokeshire,W06000009,2005-02,95,monthly,151298,203439,133100,114253,94853,2005-02-01
Pembrokeshire,http://landregistry.data.gov.uk/id/region/pembrokeshire,W06000009,2005-03,101,monthly,147807,198802,130213,111549,92226,2005-03-01
Pembrokeshire,http://landregistry.data.gov.uk/id/region/pembrokeshire,W06000009,2005-04,147,monthly,144889,194221,128067,109546,90364,2005-04-01
Pembrokeshire,http://landregistry.data.gov.uk/id/region/pembrokeshire,W06000009,2005-05,151,monthly,139003,186554,122654,105109,86578,2005-05-01
Pembrokeshire,http://landregistry.data.gov.uk/id/region/pembrokeshire,W06000009,2005-06,158,monthly,144712,193852,127463,109842,90237,2005-06-01
Pembrokeshire,http://landregistry.data.gov.uk/id/region/pembrokeshire,W06000009,2005-07,183,monthly,146984,197093,129365,111556,91399,2005-07-01
Pembrokeshire,http://landregistry.data.gov.uk/id/region/pembrokeshire,W06000009,2005-08,179,monthly,153164,205625,134588,116281,95010,2005-08-01
Pembrokeshire,http://landregistry.data.gov.uk/id/region/pembrokeshire,W06000009,2005-09,190,monthly,152493,204917,133947,115721,94370,2005-09-01
Pembrokeshire,http://landregistry.data.gov.uk/id/region/pembrokeshire,W06000009,2005-10,164,monthly,154179,207306,135147,117049,95639,2005-10-01
Pembrokeshire,http://landregistry.data.gov.uk/id/region/pembrokeshire,W06000009,2005-11,153,monthly,155896,209114,136886,118497,96943,2005-11-01
Pembrokeshire,http://landregistry.data.gov.uk/id/region/pembrokeshire,W06000009,2005-12,167,monthly,154572,206959,135632,117677,96771,2005-12-01
Pembrokeshire,http://landregistry.data.gov.uk/id/region/pembrokeshire,W06000009,2006-01,126,monthly,157328,210133,138152,120145,98315,2006-01-01
Pembrokeshire,http://landregistry.data.gov.uk/id/region/pembrokeshire,W06000009,2006-02,127,monthly,153344,204321,134627,117435,96090,2006-02-01
Pembrokeshire,http://landregistry.data.gov.uk/id/region/pembrokeshire,W06000009,2006-03,176,monthly,154140,205579,135489,117971,95891,2006-03-01
Pembrokeshire,http://landregistry.data.gov.uk/id/region/pembrokeshire,W06000009,2006-04,172,monthly,153667,204935,135077,117627,95555,2006-04-01
Pembrokeshire,http://landregistry.data.gov.uk/id/region/pembrokeshire,W06000009,2006-05,162,monthly,160516,214255,141057,122804,99649,2006-05-01
Pembrokeshire,http://landregistry.data.gov.uk/id/region/pembrokeshire,W06000009,2006-06,211,monthly,165400,220387,145384,126746,102883,2006-06-01
Pembrokeshire,http://landregistry.data.gov.uk/id/region/pembrokeshire,W06000009,2006-07,202,monthly,171302,227880,150545,131617,106361,2006-07-01
Pembrokeshire,http://landregistry.data.gov.uk/id/region/pembrokeshire,W06000009,2006-08,220,monthly,172950,230188,151993,132946,106802,2006-08-01
Pembrokeshire,http://landregistry.data.gov.uk/id/region/pembrokeshire,W06000009,2006-09,187,monthly,172644,230247,151690,132543,106024,2006-09-01
Pembrokeshire,http://landregistry.data.gov.uk/id/region/pembrokeshire,W06000009,2006-10,193,monthly,169788,227034,149051,129976,104404,2006-10-01
Pembrokeshire,http://landregistry.data.gov.uk/id/region/pembrokeshire,W06000009,2006-11,197,monthly,170866,228394,150090,130788,105072,2006-11-01
Pembrokeshire,http://landregistry.data.gov.uk/id/region/pembrokeshire,W06000009,2006-12,205,monthly,172555,230030,151547,132427,106632,2006-12-01
Pembrokeshire,http://landregistry.data.gov.uk/id/region/pembrokeshire,W06000009,2007-01,141,monthly,168921,224669,148525,129904,104321,2007-01-01
Pembrokeshire,http://landregistry.data.gov.uk/id/region/pembrokeshire,W06000009,2007-02,138,monthly,167751,222692,147513,129092,104223,2007-02-01
Pembrokeshire,http://landregistry.data.gov.uk/id/region/pembrokeshire,W06000009,2007-03,179,monthly,169562,224678,149203,130729,105275,2007-03-01
Pembrokeshire,http://landregistry.data.gov.uk/id/region/pembrokeshire,W06000009,2007-04,152,monthly,173883,230253,152809,134311,107982,2007-04-01
Pembrokeshire,http://landregistry.data.gov.uk/id/region/pembrokeshire,W06000009,2007-05,160,monthly,174881,231192,153595,135448,108597,2007-05-01
Pembrokeshire,http://landregistry.data.gov.uk/id/region/pembrokeshire,W06000009,2007-06,179,monthly,174126,230444,152730,134789,108199,2007-06-01
Pembrokeshire,http://landregistry.data.gov.uk/id/region/pembrokeshire,W06000009,2007-07,211,monthly,177542,235204,155771,137321,110022,2007-07-01
Pembrokeshire,http://landregistry.data.gov.uk/id/region/pembrokeshire,W06000009,2007-08,231,monthly,179832,239054,157608,138881,110588,2007-08-01
Pembrokeshire,http://landregistry.data.gov.uk/id/region/pembrokeshire,W06000009,2007-09,161,monthly,181918,242369,159413,140227,111470,2007-09-01
Pembrokeshire,http://landregistry.data.gov.uk/id/region/pembrokeshire,W06000009,2007-10,176,monthly,181690,242286,159032,139879,111716,2007-10-01
Pembrokeshire,http://landregistry.data.gov.uk/id/region/pembrokeshire,W06000009,2007-11,182,monthly,183280,244628,160276,140881,113144,2007-11-01
Pembrokeshire,http://landregistry.data.gov.uk/id/region/pembrokeshire,W06000009,2007-12,136,monthly,182966,244350,159749,140578,113343,2007-12-01
Pembrokeshire,http://landregistry.data.gov.uk/id/region/pembrokeshire,W06000009,2008-01,110,monthly,178896,238968,156119,137402,111003,2008-01-01
Pembrokeshire,http://landregistry.data.gov.uk/id/region/pembrokeshire,W06000009,2008-02,97,monthly,178377,237811,155907,137143,110837,2008-02-01
Pembrokeshire,http://landregistry.data.gov.uk/id/region/pembrokeshire,W06000009,2008-03,122,monthly,171762,228398,150665,132408,106326,2008-03-01
Pembrokeshire,http://landregistry.data.gov.uk/id/region/pembrokeshire,W06000009,2008-04,115,monthly,171262,227510,150368,132249,105797,2008-04-01
Pembrokeshire,http://landregistry.data.gov.uk/id/region/pembrokeshire,W06000009,2008-05,146,monthly,169749,225137,149278,131448,104508,2008-05-01
Pembrokeshire,http://landregistry.data.gov.uk/id/region/pembrokeshire,W06000009,2008-06,107,monthly,173247,229758,152244,134262,106663,2008-06-01
Pembrokeshire,http://landregistry.data.gov.uk/id/region/pembrokeshire,W06000009,2008-07,115,monthly,171032,226890,150640,132406,104946,2008-07-01
Pembrokeshire,http://landregistry.data.gov.uk/id/region/pembrokeshire,W06000009,2008-08,105,monthly,170839,227214,150319,132049,104431,2008-08-01
Pembrokeshire,http://landregistry.data.gov.uk/id/region/pembrokeshire,W06000009,2008-09,75,monthly,168884,225649,148266,129914,103052,2008-09-01
Pembrokeshire,http://landregistry.data.gov.uk/id/region/pembrokeshire,W06000009,2008-10,127,monthly,170216,227614,149399,130759,103915,2008-10-01
Pembrokeshire,http://landregistry.data.gov.uk/id/region/pembrokeshire,W06000009,2008-11,68,monthly,163947,218969,144063,125736,100652,2008-11-01
Pembrokeshire,http://landregistry.data.gov.uk/id/region/pembrokeshire,W06000009,2008-12,99,monthly,161321,214974,141955,124027,99041,2008-12-01
Pembrokeshire,http://landregistry.data.gov.uk/id/region/pembrokeshire,W06000009,2009-01,45,monthly,161053,215218,141219,123661,98856,2009-01-01
Pembrokeshire,http://landregistry.data.gov.uk/id/region/pembrokeshire,W06000009,2009-02,64,monthly,157541,210794,138058,120928,96524,2009-02-01
Pembrokeshire,http://landregistry.data.gov.uk/id/region/pembrokeshire,W06000009,2009-03,74,monthly,154124,206363,135019,118098,94818,2009-03-01
Pembrokeshire,http://landregistry.data.gov.uk/id/region/pembrokeshire,W06000009,2009-04,80,monthly,147564,196657,129889,113557,90771,2009-04-01
Pembrokeshire,http://landregistry.data.gov.uk/id/region/pembrokeshire,W06000009,2009-05,99,monthly,150840,201042,132807,116228,92218,2009-05-01
Pembrokeshire,http://landregistry.data.gov.uk/id/region/pembrokeshire,W06000009,2009-06,98,monthly,149409,199167,131601,115305,90590,2009-06-01
Pembrokeshire,http://landregistry.data.gov.uk/id/region/pembrokeshire,W06000009,2009-07,131,monthly,153398,205114,134818,118225,92184,2009-07-01
Pembrokeshire,http://landregistry.data.gov.uk/id/region/pembrokeshire,W06000009,2009-08,107,monthly,148010,198189,130011,114022,88355,2009-08-01
Pembrokeshire,http://landregistry.data.gov.uk/id/region/pembrokeshire,W06000009,2009-09,116,monthly,150857,202141,132484,116167,89799,2009-09-01
Pembrokeshire,http://landregistry.data.gov.uk/id/region/pembrokeshire,W06000009,2009-10,125,monthly,151247,202667,132952,116433,89751,2009-10-01
Pembrokeshire,http://landregistry.data.gov.uk/id/region/pembrokeshire,W06000009,2009-11,112,monthly,158358,212547,138819,121954,93806,2009-11-01
Pembrokeshire,http://landregistry.data.gov.uk/id/region/pembrokeshire,W06000009,2009-12,151,monthly,162028,216866,142372,125302,95658,2009-12-01
Pembrokeshire,http://landregistry.data.gov.uk/id/region/pembrokeshire,W06000009,2010-01,54,monthly,160241,215058,140412,123732,94311,2010-01-01
Pembrokeshire,http://landregistry.data.gov.uk/id/region/pembrokeshire,W06000009,2010-02,64,monthly,159959,215169,140267,123033,93692,2010-02-01
Pembrokeshire,http://landregistry.data.gov.uk/id/region/pembrokeshire,W06000009,2010-03,96,monthly,157269,212325,137478,120349,92242,2010-03-01
