Housing Prices and Population/pembrokeshire_prices.csv
"Name","URI","Region GSS code","Period","Sales volume","Reporting period","Average price All property types","Average price Detached houses","Average price Semi-detached houses","Average price Terraced houses","Average price Flats and maisonettes","Pivotable date"
Pembrokeshire,http://landregistry.data.gov.uk/id/region/pembrokeshire,W06000009,2010-04,92,monthly,159541,215183,139645,122123,93617,2010-04-01
Pembrokeshire,http://landregistry.data.gov.uk/id/region/pembrokeshire,W06000009,2010-05,88,monthly,158047,213030,138092,121244,93018,2010-05-01
Pembrokeshire,http://landregistry.data.gov.uk/id/region/pembrokeshire,W06000009,2010-06,120,monthly,158941,214084,138898,122231,93182,2010-06-01
Pembrokeshire,http://landregistry.data.gov.uk/id/region/pembrokeshire,W06000009,2010-07,139,monthly,158429,214048,138170,121670,92245,2010-07-01
Pembrokeshire,http://landregistry.data.gov.uk/id/region/pembrokeshire,W06000009,2010-08,96,monthly,153733,207898,134361,117831,88926,2010-08-01
Pembrokeshire,http://landregistry.data.gov.uk/id/region/pembrokeshire,W06000009,2010-09,119,monthly,153287,208059,133792,117036,88172,2010-09-01
Pembrokeshire,http://landregistry.data.gov.uk/id/region/pembrokeshire,W06000009,2010-10,125,monthly,157018,213052,137248,119715,90446,2010-10-01
Pembrokeshire,http://landregistry.data.gov.uk/id/region/pembrokeshire,W06000009,2010-11,131,monthly,158597,215416,138450,120760,91571,2010-11-01
Pembrokeshire,http://landregistry.data.gov.uk/id/region/pembrokeshire,W06000009,2010-12,122,monthly,155319,210747,135815,118253,89747,2010-12-01
Pembrokeshire,http://landregistry.data.gov.uk/id/region/pembrokeshire,W06000009,2011-01,59,monthly,157055,213522,137048,119419,90696,2011-01-01
Pembrokeshire,http://landregistry.data.gov.uk/id/region/pembrokeshire,W06000009,2011-02,63,monthly,159114,216269,138756,121122,91955,2011-02-01
Pembrokeshire,http://landregistry.data.gov.uk/id/region/pembrokeshire,W06000009,2011-03,104,monthly,160648,218720,139654,122273,92957,2011-03-01
Pembrokeshire,http://landregistry.data.gov.uk/id/region/pembrokeshire,W06000009,2011-04,90,monthly,157119,213480,136654,119909,91080,2011-04-01
Pembrokeshire,http://landregistry.data.gov.uk/id/region/pembrokeshire,W06000009,2011-05,108,monthly,154864,210153,134810,118278,90035,2011-05-01
Pembrokeshire,http://landregistry.data.gov.uk/id/region/pembrokeshire,W06000009,2011-06,99,monthly,154823,209856,135139,118178,90022,2011-06-01
Pembrokeshire,http://landregistry.data.gov.uk/id/region/pembrokeshire,W06000009,2011-07,104,monthly,149131,201828,130307,113949,86993,2011-07-01
Pembrokeshire,http://landregistry.data.gov.uk/id/region/pembrokeshire,W06000009,2011-08,98,monthly,152847,207339,133628,116566,88035,2011-08-01
Pembrokeshire,http://landregistry.data.gov.uk/id/region/pembrokeshire,W06000009,2011-09,110,monthly,150173,204316,131024,114352,85799,2011-09-01
Pembrokeshire,http://landregistry.data.gov.uk/id/region/pembrokeshire,W06000009,2011-10,119,monthly,151435,206776,132076,114805,85856,2011-10-01
Pembrokeshire,http://landregistry.data.gov.uk/id/region/pembrokeshire,W06000009,2011-11,126,monthly,149361,203877,130311,113096,85281,2011-11-01
Pembrokeshire,http://landregistry.data.gov.uk/id/region/pembrokeshire,W06000009,2011-12,102,monthly,150540,205449,131549,113800,86142,2011-12-01
Pembrokeshire,http://landregistry.data.gov.uk/id/region/pembrokeshire,W06000009,2012-01,77,monthly,155440,212157,136075,117426,88433,2012-01-01
Pembrokeshire,http://landregistry.data.gov.uk/id/region/pembrokeshire,W06000009,2012-02,86,monthly,155061,211582,135677,117407,87682,2012-02-01
Pembrokeshire,http://landregistry.data.gov.uk/id/region/pembrokeshire,W06000009,2012-03,73,monthly,153515,208596,134629,116846,86841,2012-03-01
Pembrokeshire,http://landregistry.data.gov.uk/id/region/pembrokeshire,W06000009,2012-04,69,monthly,149381,202853,130715,113849,85172,2012-04-01
Pembrokeshire,http://landregistry.data.gov.uk/id/region/pembrokeshire,W06000009,2012-05,93,monthly,149149,202365,130642,113635,85318,2012-05-01
Pembrokeshire,http://landregistry.data.gov.uk/id/region/pembrokeshire,W06000009,2012-06,104,monthly,152526,207554,133179,116083,86885,2012-06-01
Pembrokeshire,http://landregistry.data.gov.uk/id/region/pembrokeshire,W06000009,2012-07,97,monthly,152695,207722,133200,116545,86562,2012-07-01
Pembrokeshire,http://landregistry.data.gov.uk/id/region/pembrokeshire,W06000009,2012-08,109,monthly,152153,207156,132529,116352,85658,2012-08-01
Pembrokeshire,http://landregistry.data.gov.uk/id/region/pembrokeshire,W06000009,2012-09,101,monthly,150101,204376,130830,114708,84439,2012-09-01
Pembrokeshire,http://landregistry.data.gov.uk/id/region/pembrokeshire,W06000009,2012-10,138,monthly,149088,203019,130125,113713,83961,2012-10-01
Pembrokeshire,http://landregistry.data.gov.uk/id/region/pembrokeshire,W06000009,2012-11,143,monthly,150558,204870,131591,114781,84911,2012-11-01
Pembrokeshire,http://landregistry.data.gov.uk/id/region/pembrokeshire,W06000009,2012-12,105,monthly,153958,209725,134502,117272,86607,2012-12-01
Pembrokeshire,http://landregistry.data.gov.uk/id/region/pembrokeshire,W06000009,2013-01,82,monthly,157083,213808,137507,119705,88027,2013-01-01
Pembrokeshire,http://landregistry.data.gov.uk/id/region/pembrokeshire,W06000009,2013-02,90,monthly,153695,209115,134530,117150,86303,2013-02-01
Pembrokeshire,http://landregistry.data.gov.uk/id/region/pembrokeshire,W06000009,2013-03,86,monthly,150652,204786,131968,114836,84815,2013-03-01
Pembrokeshire,http://landregistry.data.gov.uk/id/region/pembrokeshire,W06000009,2013-04,117,monthly,147025,200000,128603,112099,82670,2013-04-01
Pembrokeshire,http://landregistry.data.gov.uk/id/region/pembrokeshire,W06000009,2013-05,111,monthly,145183,197446,126940,110744,81765,2013-05-01
Pembrokeshire,http://landregistry.data.gov.uk/id/region/pembrokeshire,W06000009,2013-06,127,monthly,146926,199721,128539,112213,82427,2013-06-01
Pembrokeshire,http://landregistry.data.gov.uk/id/region/pembrokeshire,W06000009,2013-07,111,monthly,146777,199253,128389,112312,82586,2013-07-01
Pembrokeshire,http://landregistry.data.gov.uk/id/region/pembrokeshire,W06000009,2013-08,117,monthly,154891,210576,135454,118391,86610,2013-08-01
Pembrokeshire,http://landregistry.data.gov.uk/id/region/pembrokeshire,W06000009,2013-09,151,monthly,157145,213940,137198,119937,88021,2013-09-01
Pembrokeshire,http://landregistry.data.gov.uk/id/region/pembrokeshire,W06000009,2013-10,153,monthly,158565,216387,138370,120628,88545,2013-10-01
Pembrokeshire,http://landregistry.data.gov.uk/id/region/pembrokeshire,W06000009,2013-11,159,monthly,153402,209470,134041,116410,85729,2013-11-01
Pembrokeshire,http://landregistry.data.gov.uk/id/region/pembrokeshire,W06000009,2013-12,162,monthly,148665,202735,130242,112783,83234,2013-12-01
Pembrokeshire,http://landregistry.data.gov.uk/id/region/pembrokeshire,W06000009,2014-01,106,monthly,147287,200807,129032,111751,82590,2014-01-01
Pembrokeshire,http://landregistry.data.gov.uk/id/region/pembrokeshire,W06000009,2014-02,124,monthly,145953,199170,127730,110753,81615,2014-02-01
Pembrokeshire,http://landregistry.data.gov.uk/id/region/pembrokeshire,W06000009,2014-03,138,monthly,147341,201124,128969,111791,82127,2014-03-01
Pembrokeshire,http://landregistry.data.gov.uk/id/region/pembrokeshire,W06000009,2014-04,122,monthly,147736,201511,129393,112285,82099,2014-04-01
Pembrokeshire,http://landregistry.data.gov.uk/id/region/pembrokeshire,W06000009,2014-05,123,monthly,149080,202924,130623,113601,83048,2014-05-01
Pembrokeshire,http://landregistry.data.gov.uk/id/region/pembrokeshire,W06000009,2014-06,148,monthly,151017,205601,132302,115110,83994,2014-06-01
Pembrokeshire,http://landregistry.data.gov.uk/id/region/pembrokeshire,W06000009,2014-07,173,monthly,152963,208283,134040,116587,84944,2014-07-01
Pembrokeshire,http://landregistry.data.gov.uk/id/region/pembrokeshire,W06000009,2014-08,155,monthly,154988,211456,135667,118011,85657,2014-08-01
Pembrokeshire,http://landregistry.data.gov.uk/id/region/pembrokeshire,W06000009,2014-09,137,monthly,152530,208231,133378,116148,84248,2014-09-01
Pembrokeshire,http://landregistry.data.gov.uk/id/region/pembrokeshire,W06000009,2014-10,168,monthly,153248,209265,134014,116570,84784,2014-10-01
Pembrokeshire,http://landregistry.data.gov.uk/id/region/pembrokeshire,W06000009,2014-11,135,monthly,153908,210112,134751,116901,85366,2014-11-01
Pembrokeshire,http://landregistry.data.gov.uk/id/region/pembrokeshire,W06000009,2014-12,139,monthly,157367,214977,137844,119299,87354,2014-12-01
Pembrokeshire,http://landregistry.data.gov.uk/id/region/pembrokeshire,W06000009,2015-01,107,monthly,157953,215909,138373,119592,87692,2015-01-01
Pembrokeshire,http://landregistry.data.gov.uk/id/region/pembrokeshire,W06000009,2015-02,150,monthly,157841,216010,138038,119458,87632,2015-02-01
Pembrokeshire,http://landregistry.data.gov.uk/id/region/pembrokeshire,W06000009,2015-03,143,monthly,157726,216119,137897,119141,87578,2015-03-01
Pembrokeshire,http://landregistry.data.gov.uk/id/region/pembrokeshire,W06000009,2015-04,145,monthly,159445,218715,139295,120385,88262,2015-04-01
Pembrokeshire,http://landregistry.data.gov.uk/id/region/pembrokeshire,W06000009,2015-05,143,monthly,155257,212888,135804,117199,85835,2015-05-01
Pembrokeshire,http://landregistry.data.gov.uk/id/region/pembrokeshire,W06000009,2015-06,148,monthly,151428,207455,132573,114515,83354,2015-06-01
Pembrokeshire,http://landregistry.data.gov.uk/id/region/pembrokeshire,W06000009,2015-07,174,monthly,147895,202487,129591,111889,81366,2015-07-01
Pembrokeshire,http://landregistry.data.gov.uk/id/region/pembrokeshire,W06000009,2015-08,172,monthly,153875,210941,134758,116295,84417,2015-08-01
Pembrokeshire,http://landregistry.data.gov.uk/id/region/pembrokeshire,W06000009,2015-09,169,monthly,157578,216605,137680,118777,86492,2015-09-01
Pembrokeshire,http://landregistry.data.gov.uk/id/region/pembrokeshire,W06000009,2015-10,193,monthly,156826,215685,137106,118091,85894,2015-10-01
Pembrokeshire,http://landregistry.data.gov.uk/id/region/pembrokeshire,W06000009,2015-11,155,monthly,154512,212612,135110,116229,84600,2015-11-01
Pembrokeshire,http://landregistry.data.gov.uk/id/region/pembrokeshire,W06000009,2015-12,180,monthly,154634,212791,135342,116361,84212,2015-12-01
Pembrokeshire,http://landregistry.data.gov.uk/id/region/pembrokeshire,W06000009,2016-01,104,monthly,157399,216622,137882,118331,85673,2016-01-01
Pembrokeshire,http://landregistry.data.gov.uk/id/region/pembrokeshire,W06000009,2016-02,125,monthly,160972,221541,141084,121027,87405,2016-02-01
Pembrokeshire,http://landregistry.data.gov.uk/id/region/pembrokeshire,W06000009,2016-03,239,monthly,162434,223445,142345,122032,88828,2016-03-01
Pembrokeshire,http://landregistry.data.gov.uk/id/region/pembrokeshire,W06000009,2016-04,117,monthly,160623,220995,140499,120917,87649,2016-04-01
Pembrokeshire,http://landregistry.data.gov.uk/id/region/pembrokeshire,W06000009,2016-05,110,monthly,157577,216066,137931,119101,86462,2016-05-01
Pembrokeshire,http://landregistry.data.gov.uk/id/region/pembrokeshire,W06000009,2016-06,130,monthly,153350,210231,134153,116151,83740,2016-06-01
Pembrokeshire,http://landregistry.data.gov.uk/id/region/pembrokeshire,W06000009,2016-07,152,monthly,154152,211143,134871,116808,84522,2016-07-01
Pembrokeshire,http://landregistry.data.gov.uk/id/region/pembrokeshire,W06000009,2016-08,161,monthly,154161,211524,134767,116589,84402,2016-08-01
Pembrokeshire,http://landregistry.data.gov.uk/id/region/pembrokeshire,W06000009,2016-09,152,monthly,155848,213882,136438,117655,85330,2016-09-01
Pembrokeshire,http://landregistry.data.gov.uk/id/region/pembrokeshire,W06000009,2016-10,158,monthly,158276,217603,138626,118985,86861,2016-10-01
Pembrokeshire,http://landregistry.data.gov.uk/id/region/pembrokeshire,W06000009,2016-11,167,monthly,160412,221270,140431,119935,88043,2016-11-01
Pembrokeshire,http://landregistry.data.gov.uk/id/region/pembrokeshire,W06000009,2016-12,186,monthly,161088,222250,140905,120391,88709,2016-12-01
Pembrokeshire,http://landregistry.data.gov.uk/id/region/pembrokeshire,W06000009,2017-01,124,monthly,163386,225588,142931,121992,89799,2017-01-01
Pembrokeshire,http://landregistry.data.gov.uk/id/region/pembrokeshire,W06000009,2017-02,130,monthly,162330,223793,141832,121455,89820,2017-02-01
Pembrokeshire,http://landregistry.data.gov.uk/id/region/pembrokeshire,W06000009,2017-03,169,monthly,162628,224511,142013,121404,90016,2017-03-01
Pembrokeshire,http://landregistry.data.gov.uk/id/region/pembrokeshire,W06000009,2017-04,144,monthly,159955,220741,139410,119569,88892,2017-04-01
Pembrokeshire,http://landregistry.data.gov.uk/id/region/pembrokeshire,W06000009,2017-05,166,monthly,163639,225541,142960,122328,91060,2017-05-01
Pembrokeshire,http://landregistry.data.gov.uk/id/region/pembrokeshire,W06000009,2017-06,169,monthly,165121,227144,144195,123813,92229,2017-06-01
Pembrokeshire,http://landregistry.data.gov.uk/id/region/pembrokeshire,W06000009,2017-07,150,monthly,163156,224276,142695,122279,91342,2017-07-01
Pembrokeshire,http://landregistry.data.gov.uk/id/region/pembrokeshire,W06000009,2017-08,185,monthly,161119,221690,140730,120799,89799,2017-08-01
Pembrokeshire,http://landregistry.data.gov.uk/id/region/pembrokeshire,W06000009,2017-09,168,monthly,161442,222422,141170,120773,89551,2017-09-01
Pembrokeshire,http://landregistry.data.gov.uk/id/region/pembrokeshire,W06000009,2017-10,193,monthly,165988,228860,145239,124118,91496,2017-10-01
Pembrokeshire,http://landregistry.data.gov.uk/id/region/pembrokeshire,W06000009,2017-11,173,monthly,166052,228914,145524,124055,91470,2017-11-01
Pembrokeshire,http://landregistry.data.gov.uk/id/region/pembrokeshire,W06000009,2017-12,198,monthly,165587,228256,145166,123697,91187,2017-12-01
Pembrokeshire,http://landregistry.data.gov.uk/id/region/pembrokeshire,W06000009,2018-01,156,monthly,163523,225343,143555,122059,90121,2018-01-01
Pembrokeshire,http://landregistry.data.gov.uk/id/region/pembrokeshire,W06000009,2018-02,138,monthly,164131,226369,144061,122575,89932,2018-02-01
Pembrokeshire,http://landregistry.data.gov.uk/id/region/pembrokeshire,W06000009,2018-03,149,monthly,163759,225746,144001,122390,89381,2018-03-01
Pembrokeshire,http://landregistry.data.gov.uk/id/region/pembrokeshire,W06000009,2018-04,142,monthly,166002,228870,145938,124348,90064,2018-04-01
Pembrokeshire,http://landregistry.data.gov.uk/id/region/pembrokeshire,W06000009,2018-05,150,monthly,165379,228157,145335,123935,89393,2018-05-01
Pembrokeshire,http://landregistry.data.gov.uk/id/region/pembrokeshire,W06000009,2018-06,159,monthly,166216,229193,146102,124594,89996,2018-06-01
Pembrokeshire,http://landregistry.data.gov.uk/id/region/pembrokeshire,W06000009,2018-07,190,monthly,165870,229000,145610,124232,89692,2018-07-01
Pembrokeshire,http://landregistry.data.gov.uk/id/region/pembrokeshire,W06000009,2018-08,209,monthly,167595,231205,147330,125535,90655,2018-08-01
Pembrokeshire,http://landregistry.data.gov.uk/id/region/pembrokeshire,W06000009,2018-09,182,monthly,168984,233506,148535,126381,90957,2018-09-01
Pembrokeshire,http://landregistry.data.gov.uk/id/region/pembrokeshire,W06000009,2018-10,231,monthly,167078,230776,147111,124760,90098,2018-10-01
Pembrokeshire,http://landregistry.data.gov.uk/id/region/pembrokeshire,W06000009,2018-11,225,monthly,167896,232258,147729,125188,90282,2018-11-01
Pembrokeshire,http://landregistry.data.gov.uk/id/region/pembrokeshire,W06000009,2018-12,203,monthly,172073,237864,151357,128384,92826,2018-12-01
Pembrokeshire,http://landregistry.data.gov.uk/id/region/pembrokeshire,W06000009,2019-01,128,monthly,174506,241456,153413,130102,93965,2019-01-01
Pembrokeshire,http://landregistry.data.gov.uk/id/region/pembrokeshire,W06000009,2019-02,173,monthly,171900,237874,151181,128015,92689,2019-02-01
Pembrokeshire,http://landregistry.data.gov.uk/id/region/pembrokeshire,W06000009,2019-03,136,monthly,166550,230621,146600,123931,89439,2019-03-01
Pembrokeshire,http://landregistry.data.gov.uk/id/region/pembrokeshire,W06000009,2019-04,159,monthly,169867,235035,149622,126643,90821,2019-04-01
Pembrokeshire,http://landregistry.data.gov.uk/id/region/pembrokeshire,W06000009,2019-05,145,monthly,173007,238834,152582,129457,92387,2019-05-01
Pembrokeshire,http://landregistry.data.gov.uk/id/region/pembrokeshire,W06000009,2019-06,141,monthly,174787,241010,154121,131040,93609,2019-06-01
Pembrokeshire,http://landregistry.data.gov.uk/id/region/pembrokeshire,W06000009,2019-07,199,monthly,174356,239998,153848,130937,93830,2019-07-01
Pembrokeshire,http://landregistry.data.gov.uk/id/region/pembrokeshire,W06000009,2019-08,153,monthly,177639,244830,156470,133418,95234,2019-08-01
Pembrokeshire,http://landregistry.data.gov.uk/id/region/pembrokeshire,W06000009,2019-09,168,monthly,182502,251628,160552,137201,97666,2019-09-01
Pembrokeshire,http://landregistry.data.gov.uk/id/region/pembrokeshire,W06000009,2019-10,190,monthly,182208,251204,160538,136832,97373,2019-10-01
Pembrokeshire,http://landregistry.data.gov.uk/id/region/pembrokeshire,W06000009,2019-11,181,monthly,180469,248761,159336,135267,96494,2019-11-01
Pembrokeshire,http://landregistry.data.gov.uk/id/region/pembrokeshire,W06000009,2019-12,207,monthly,181071,249545,160159,135605,96538,2019-12-01
Pembrokeshire,http://landregistry.data.gov.uk/id/region/pembrokeshire,W06000009,2020-01,134,monthly,178182,245736,157568,133404,94630,2020-01-01
Pembrokeshire,http://landregistry.data.gov.uk/id/region/pembrokeshire,W06000009,2020-02,140,monthly,180650,249365,159540,135294,95771,2020-02-01
Pembrokeshire,http://landregistry.data.gov.uk/id/region/pembrokeshire,W06000009,2020-03,135,monthly,180105,248789,158959,134857,95326,2020-03-01
Pembrokeshire,http://landregistry.data.gov.uk/id/region/pembrokeshire,W06000009,2020-04,70,monthly,182024,251526,160575,136469,95766,2020-04-01
Pembrokeshire,http://landregistry.data.gov.uk/id/region/pembrokeshire,W06000009,2020-05,75,monthly,176596,243725,156090,132399,92973,2020-05-01
