Housing Prices and Population/pembrokeshire_prices.csv
"Name","URI","Region GSS code","Period","Sales volume","Reporting period","Average price All property types","Average price Detached houses","Average price Semi-detached houses","Average price Terraced houses","Average price Flats and maisonettes","Pivotable date"
Pembrokeshire,http://landregistry.data.gov.uk/id/region/pembrokeshire,W06000009,2020-06,97,monthly,170694,235429,151074,128013,89658,2020-06-01
Pembrokeshire,http://landregistry.data.gov.uk/id/region/pembrokeshire,W06000009,2020-07,117,monthly,174418,240667,154254,130655,92076,2020-07-01
Pembrokeshire,http://landregistry.data.gov.uk/id/region/pembrokeshire,W06000009,2020-08,116,monthly,179483,247889,158673,134508,94077,2020-08-01
Pembrokeshire,http://landregistry.data.gov.uk/id/region/pembrokeshire,W06000009,2020-09,115,monthly,189452,262107,167248,141949,98735,2020-09-01
Pembrokeshire,http://landregistry.data.gov.uk/id/region/pembrokeshire,W06000009,2020-10,158,monthly,189485,262777,166934,141944,97978,2020-10-01
Pembrokeshire,http://landregistry.data.gov.uk/id/region/pembrokeshire,W06000009,2020-11,166,monthly,192571,267458,169185,144253,99671,2020-11-01
Pembrokeshire,http://landregistry.data.gov.uk/id/region/pembrokeshire,W06000009,2020-12,219,monthly,194816,270680,170851,146142,100706,2020-12-01
Pembrokeshire,http://landregistry.data.gov.uk/id/region/pembrokeshire,W06000009,2021-01,169,monthly,197900,273871,173678,148909,103693,2021-01-01
Pembrokeshire,http://landregistry.data.gov.uk/id/region/pembrokeshire,W06000009,2021-02,205,monthly,196201,270597,172322,148025,103878,2021-02-01
Pembrokeshire,http://landregistry.data.gov.uk/id/region/pembrokeshire,W06000009,2021-03,285,monthly,193559,265754,170170,146470,104133,2021-03-01
Pembrokeshire,http://landregistry.data.gov.uk/id/region/pembrokeshire,W06000009,2021-04,199,monthly,189302,259722,166413,143465,101819,2021-04-01
Pembrokeshire,http://landregistry.data.gov.uk/id/region/pembrokeshire,W06000009,2021-05,189,monthly,190793,261589,167730,144772,102616,2021-05-01
Pembrokeshire,http://landregistry.data.gov.uk/id/region/pembrokeshire,W06000009,2021-06,301,monthly,195004,267121,171102,148497,104940,2021-06-01
Pembrokeshire,http://landregistry.data.gov.uk/id/region/pembrokeshire,W06000009,2021-07,194,monthly,203938,278820,179460,155469,109557,2021-07-01
Pembrokeshire,http://landregistry.data.gov.uk/id/region/pembrokeshire,W06000009,2021-08,221,monthly,207227,283950,182312,157643,110659,2021-08-01
Pembrokeshire,http://landregistry.data.gov.uk/id/region/pembrokeshire,W06000009,2021-09,199,monthly,207973,285167,183291,157897,110611,2021-09-01
Pembrokeshire,http://landregistry.data.gov.uk/id/region/pembrokeshire,W06000009,2021-10,179,monthly,210048,290337,184108,158282,111063,2021-10-01
Pembrokeshire,http://landregistry.data.gov.uk/id/region/pembrokeshire,W06000009,2021-11,225,monthly,215110,297817,188494,161727,113552,2021-11-01
Pembrokeshire,http://landregistry.data.gov.uk/id/region/pembrokeshire,W06000009,2021-12,212,monthly,217382,302260,189911,162884,114129,2021-12-01
Pembrokeshire,http://landregistry.data.gov.uk/id/region/pembrokeshire,W06000009,2022-01,135,monthly,221780,307707,194193,166568,116166,2022-01-01
Pembrokeshire,http://landregistry.data.gov.uk/id/region/pembrokeshire,W06000009,2022-02,168,monthly,222257,307883,194735,167114,116886,2022-02-01
Pembrokeshire,http://landregistry.data.gov.uk/id/region/pembrokeshire,W06000009,2022-03,179,monthly,221271,306434,194352,166143,116036,2022-03-01
Pembrokeshire,http://landregistry.data.gov.uk/id/region/pembrokeshire,W06000009,2022-04,166,monthly,224238,310165,196820,168822,117595,2022-04-01
Pembrokeshire,http://landregistry.data.gov.uk/id/region/pembrokeshire,W06000009,2022-05,150,monthly,230401,318688,202208,173710,120203,2022-05-01
Pembrokeshire,http://landregistry.data.gov.uk/id/region/pembrokeshire,W06000009,2022-06,151,monthly,235901,325462,207093,178453,123430,2022-06-01
Pembrokeshire,http://landregistry.data.gov.uk/id/region/pembrokeshire,W06000009,2022-07,199,monthly,234256,322652,206024,177530,122319,2022-07-01
Pembrokeshire,http://landregistry.data.gov.uk/id/region/pembrokeshire,W06000009,2022-08,185,monthly,237762,327565,208916,180479,123550,2022-08-01
Pembrokeshire,http://landregistry.data.gov.uk/id/region/pembrokeshire,W06000009,2022-09,178,monthly,242073,334067,212554,183647,124967,2022-09-01
Pembrokeshire,http://landregistry.data.gov.uk/id/region/pembrokeshire,W06000009,2022-10,196,monthly,242216,335016,212493,183302,124760,2022-10-01
Pembrokeshire,http://landregistry.data.gov.uk/id/region/pembrokeshire,W06000009,2022-11,162,monthly,235000,325324,206137,177592,121045,2022-11-01
